content.js:1 Simple Autoscroll Loaded
117-994554c4fb5adb3d.js:1 Error resuming video: NotAllowedError: play() failed because the user didn't interact with the document first. https://goo.gl/xX8pDD
window.console.error @ 117-994554c4fb5adb3d.js:1
117-994554c4fb5adb3d.js:1 Error resuming video: NotAllowedError: play() failed because the user didn't interact with the document first. https://goo.gl/xX8pDD
window.console.error @ 117-994554c4fb5adb3d.js:1
117-994554c4fb5adb3d.js:1 Error resuming video: NotAllowedError: play() failed because the user didn't interact with the document first. https://goo.gl/xX8pDD
window.console.error @ 117-994554c4fb5adb3d.js:1
117-994554c4fb5adb3d.js:1 Error resuming video: NotAllowedError: play() failed because the user didn't interact with the document first. https://goo.gl/xX8pDD
window.console.error @ 117-994554c4fb5adb3d.js:1
117-994554c4fb5adb3d.js:1 Error resuming video: NotAllowedError: play() failed because the user didn't interact with the document first. https://goo.gl/xX8pDD
window.console.error @ 117-994554c4fb5adb3d.js:1
117-994554c4fb5adb3d.js:1 Error resuming video: NotAllowedError: play() failed because the user didn't interact with the document first. https://goo.gl/xX8pDD
window.console.error @ 117-994554c4fb5adb3d.js:1
117-994554c4fb5adb3d.js:1 Error resuming video: NotAllowedError: play() failed because the user didn't interact with the document first. https://goo.gl/xX8pDD
window.console.error @ 117-994554c4fb5adb3d.js:1
117-994554c4fb5adb3d.js:1 Error resuming video: NotAllowedError: play() failed because the user didn't interact with the document first. https://goo.gl/xX8pDD
window.console.error @ 117-994554c4fb5adb3d.js:1
117-994554c4fb5adb3d.js:1 Error resuming video: NotAllowedError: play() failed because the user didn't interact with the document first. https://goo.gl/xX8pDD
window.console.error @ 117-994554c4fb5adb3d.js:1
117-994554c4fb5adb3d.js:1 Error resuming video: NotAllowedError: play() failed because the user didn't interact with the document first. https://goo.gl/xX8pDD
window.console.error @ 117-994554c4fb5adb3d.js:1
117-994554c4fb5adb3d.js:1 Error resuming video: NotAllowedError: play() failed because the user didn't interact with the document first. https://goo.gl/xX8pDD
window.console.error @ 117-994554c4fb5adb3d.js:1
117-994554c4fb5adb3d.js:1 Error resuming video: NotAllowedError: play() failed because the user didn't interact with the document first. https://goo.gl/xX8pDD
window.console.error @ 117-994554c4fb5adb3d.js:1
117-994554c4fb5adb3d.js:1 Error resuming video: NotAllowedError: play() failed because the user didn't interact with the document first. https://goo.gl/xX8pDD
window.console.error @ 117-994554c4fb5adb3d.js:1
117-994554c4fb5adb3d.js:1 Error resuming video: NotAllowedError: play() failed because the user didn't interact with the document first. https://goo.gl/xX8pDD
window.console.error @ 117-994554c4fb5adb3d.js:1
117-994554c4fb5adb3d.js:1 Error resuming video: NotAllowedError: play() failed because the user didn't interact with the document first. https://goo.gl/xX8pDD
window.console.error @ 117-994554c4fb5adb3d.js:1
117-994554c4fb5adb3d.js:1 Error resuming video: NotAllowedError: play() failed because the user didn't interact with the document first. https://goo.gl/xX8pDD
window.console.error @ 117-994554c4fb5adb3d.js:1
117-994554c4fb5adb3d.js:1 Error resuming video: NotAllowedError: play() failed because the user didn't interact with the document first. https://goo.gl/xX8pDD
window.console.error @ 117-994554c4fb5adb3d.js:1
117-994554c4fb5adb3d.js:1 Error resuming video: NotAllowedError: play() failed because the user didn't interact with the document first. https://goo.gl/xX8pDD
window.console.error @ 117-994554c4fb5adb3d.js:1
117-994554c4fb5adb3d.js:1 Error resuming video: NotAllowedError: play() failed because the user didn't interact with the document first. https://goo.gl/xX8pDD
window.console.error @ 117-994554c4fb5adb3d.js:1
117-994554c4fb5adb3d.js:1 Error resuming video: NotAllowedError: play() failed because the user didn't interact with the document first. https://goo.gl/xX8pDD
window.console.error @ 117-994554c4fb5adb3d.js:1
117-994554c4fb5adb3d.js:1 Error resuming video: NotAllowedError: play() failed because the user didn't interact with the document first. https://goo.gl/xX8pDD
window.console.error @ 117-994554c4fb5adb3d.js:1
117-994554c4fb5adb3d.js:1 Error resuming video: NotAllowedError: play() failed because the user didn't interact with the document first. https://goo.gl/xX8pDD
window.console.error @ 117-994554c4fb5adb3d.js:1
117-994554c4fb5adb3d.js:1 Error resuming video: NotAllowedError: play() failed because the user didn't interact with the document first. https://goo.gl/xX8pDD
window.console.error @ 117-994554c4fb5adb3d.js:1
117-994554c4fb5adb3d.js:1 Error resuming video: NotAllowedError: play() failed because the user didn't interact with the document first. https://goo.gl/xX8pDD
window.console.error @ 117-994554c4fb5adb3d.js:1
:3114/favicon.ico:1  Failed to load resource: the server responded with a status of 404 (Not Found)
a4634e51-29116eb45518a610.js:29  GET https://etslive-2-vidio-com.akamaized.net/exp=1775705601~acl=/hls-b/ingest_*_*/*~hmac=5e5ee80765b2c515afe7f30de1e682ebd2e42185166e2e3bb8fcf1f232ba7527/hls-b/ingest_20216_360p/1767176858000.ts 404 (Not Found)
openAndSendXhr @ a4634e51-29116eb45518a610.js:29
(anonymous) @ a4634e51-29116eb45518a610.js:29
Promise.then
loadInternal @ a4634e51-29116eb45518a610.js:29
load @ a4634e51-29116eb45518a610.js:29
(anonymous) @ a4634e51-29116eb45518a610.js:11
load @ a4634e51-29116eb45518a610.js:11
_doFragLoad @ a4634e51-29116eb45518a610.js:16
_loadFragForPlayback @ a4634e51-29116eb45518a610.js:16
loadFragment @ a4634e51-29116eb45518a610.js:16
loadFragment @ a4634e51-29116eb45518a610.js:29
doTickIdle @ a4634e51-29116eb45518a610.js:29
doTick @ a4634e51-29116eb45518a610.js:29
tick @ a4634e51-29116eb45518a610.js:11
setTimeout
tickImmediate @ a4634e51-29116eb45518a610.js:11
onMediaSeeking @ a4634e51-29116eb45518a610.js:16
seeking
onClick @ page-385bd8eec22d8006.js:1
a_ @ fd9d1056-2b0bc631ac813167.js:1
aR @ fd9d1056-2b0bc631ac813167.js:1
(anonymous) @ fd9d1056-2b0bc631ac813167.js:1
sF @ fd9d1056-2b0bc631ac813167.js:1
sM @ fd9d1056-2b0bc631ac813167.js:1
(anonymous) @ fd9d1056-2b0bc631ac813167.js:1
o4 @ fd9d1056-2b0bc631ac813167.js:1
iV @ fd9d1056-2b0bc631ac813167.js:1
sU @ fd9d1056-2b0bc631ac813167.js:1
uR @ fd9d1056-2b0bc631ac813167.js:1
uM @ fd9d1056-2b0bc631ac813167.js:1
page-385bd8eec22d8006.js:1 HLS Error: {type: 'networkError', details: 'fragLoadError', fatal: false, frag: q, response: {…}, …}
a4634e51-29116eb45518a610.js:29  GET https://etslive-2-vidio-com.akamaized.net/exp=1775705601~acl=/hls-b/ingest_*_*/*~hmac=5e5ee80765b2c515afe7f30de1e682ebd2e42185166e2e3bb8fcf1f232ba7527/hls-b/ingest_20216_360p/1767176858000.ts 404 (Not Found)
openAndSendXhr @ a4634e51-29116eb45518a610.js:29
(anonymous) @ a4634e51-29116eb45518a610.js:29
Promise.then
loadInternal @ a4634e51-29116eb45518a610.js:29
load @ a4634e51-29116eb45518a610.js:29
(anonymous) @ a4634e51-29116eb45518a610.js:11
load @ a4634e51-29116eb45518a610.js:11
_doFragLoad @ a4634e51-29116eb45518a610.js:16
_loadFragForPlayback @ a4634e51-29116eb45518a610.js:16
loadFragment @ a4634e51-29116eb45518a610.js:16
loadFragment @ a4634e51-29116eb45518a610.js:29
doTickIdle @ a4634e51-29116eb45518a610.js:29
doTick @ a4634e51-29116eb45518a610.js:29
tick @ a4634e51-29116eb45518a610.js:11
page-385bd8eec22d8006.js:1 HLS Error: {type: 'networkError', details: 'fragLoadError', fatal: false, frag: q, response: {…}, …}
a4634e51-29116eb45518a610.js:29  GET https://etslive-2-vidio-com.akamaized.net/exp=1775705601~acl=/hls-b/ingest_*_*/*~hmac=5e5ee80765b2c515afe7f30de1e682ebd2e42185166e2e3bb8fcf1f232ba7527/hls-b/ingest_20216_360p/1767176858000.ts 404 (Not Found)
openAndSendXhr @ a4634e51-29116eb45518a610.js:29
(anonymous) @ a4634e51-29116eb45518a610.js:29
Promise.then
loadInternal @ a4634e51-29116eb45518a610.js:29
load @ a4634e51-29116eb45518a610.js:29
(anonymous) @ a4634e51-29116eb45518a610.js:11
load @ a4634e51-29116eb45518a610.js:11
_doFragLoad @ a4634e51-29116eb45518a610.js:16
_loadFragForPlayback @ a4634e51-29116eb45518a610.js:16
loadFragment @ a4634e51-29116eb45518a610.js:16
loadFragment @ a4634e51-29116eb45518a610.js:29
doTickIdle @ a4634e51-29116eb45518a610.js:29
doTick @ a4634e51-29116eb45518a610.js:29
tick @ a4634e51-29116eb45518a610.js:11
page-385bd8eec22d8006.js:1 HLS Error: {type: 'networkError', details: 'fragLoadError', fatal: false, frag: q, response: {…}, …}
117-994554c4fb5adb3d.js:1 Error resuming video: AbortError: The play() request was interrupted by a call to pause(). https://goo.gl/LdLk22
window.console.error @ 117-994554c4fb5adb3d.js:1
(anonymous) @ page-385bd8eec22d8006.js:1
Promise.catch
onClick @ page-385bd8eec22d8006.js:1
a_ @ fd9d1056-2b0bc631ac813167.js:1
aR @ fd9d1056-2b0bc631ac813167.js:1
(anonymous) @ fd9d1056-2b0bc631ac813167.js:1
sF @ fd9d1056-2b0bc631ac813167.js:1
sM @ fd9d1056-2b0bc631ac813167.js:1
(anonymous) @ fd9d1056-2b0bc631ac813167.js:1
o4 @ fd9d1056-2b0bc631ac813167.js:1
iV @ fd9d1056-2b0bc631ac813167.js:1
sU @ fd9d1056-2b0bc631ac813167.js:1
uR @ fd9d1056-2b0bc631ac813167.js:1
uM @ fd9d1056-2b0bc631ac813167.js:1
a4634e51-29116eb45518a610.js:29  GET https://etslive-2-vidio-com.akamaized.net/exp=1775705601~acl=/hls-b/ingest_*_*/*~hmac=5e5ee80765b2c515afe7f30de1e682ebd2e42185166e2e3bb8fcf1f232ba7527/hls-b/ingest_20216_360p/1767176858000.ts 404 (Not Found)
openAndSendXhr @ a4634e51-29116eb45518a610.js:29
(anonymous) @ a4634e51-29116eb45518a610.js:29
Promise.then
loadInternal @ a4634e51-29116eb45518a610.js:29
load @ a4634e51-29116eb45518a610.js:29
(anonymous) @ a4634e51-29116eb45518a610.js:11
load @ a4634e51-29116eb45518a610.js:11
_doFragLoad @ a4634e51-29116eb45518a610.js:16
_loadFragForPlayback @ a4634e51-29116eb45518a610.js:16
loadFragment @ a4634e51-29116eb45518a610.js:16
loadFragment @ a4634e51-29116eb45518a610.js:29
doTickIdle @ a4634e51-29116eb45518a610.js:29
doTick @ a4634e51-29116eb45518a610.js:29
tick @ a4634e51-29116eb45518a610.js:11
page-385bd8eec22d8006.js:1 HLS Error: {type: 'networkError', details: 'fragLoadError', fatal: false, frag: q, response: {…}, …}
117-994554c4fb5adb3d.js:1 Error resuming video: AbortError: The play() request was interrupted by a call to pause(). https://goo.gl/LdLk22
window.console.error @ 117-994554c4fb5adb3d.js:1
(anonymous) @ page-385bd8eec22d8006.js:1
Promise.catch
onClick @ page-385bd8eec22d8006.js:1
a_ @ fd9d1056-2b0bc631ac813167.js:1
aR @ fd9d1056-2b0bc631ac813167.js:1
(anonymous) @ fd9d1056-2b0bc631ac813167.js:1
sF @ fd9d1056-2b0bc631ac813167.js:1
sM @ fd9d1056-2b0bc631ac813167.js:1
(anonymous) @ fd9d1056-2b0bc631ac813167.js:1
o4 @ fd9d1056-2b0bc631ac813167.js:1
iV @ fd9d1056-2b0bc631ac813167.js:1
sU @ fd9d1056-2b0bc631ac813167.js:1
uR @ fd9d1056-2b0bc631ac813167.js:1
uM @ fd9d1056-2b0bc631ac813167.js:1
117-994554c4fb5adb3d.js:1 Error resuming video: AbortError: The play() request was interrupted by a call to pause(). https://goo.gl/LdLk22
window.console.error @ 117-994554c4fb5adb3d.js:1
(anonymous) @ page-385bd8eec22d8006.js:1
Promise.catch
onClick @ page-385bd8eec22d8006.js:1
a_ @ fd9d1056-2b0bc631ac813167.js:1
aR @ fd9d1056-2b0bc631ac813167.js:1
(anonymous) @ fd9d1056-2b0bc631ac813167.js:1
sF @ fd9d1056-2b0bc631ac813167.js:1
sM @ fd9d1056-2b0bc631ac813167.js:1
(anonymous) @ fd9d1056-2b0bc631ac813167.js:1
o4 @ fd9d1056-2b0bc631ac813167.js:1
iV @ fd9d1056-2b0bc631ac813167.js:1
sU @ fd9d1056-2b0bc631ac813167.js:1
uR @ fd9d1056-2b0bc631ac813167.js:1
uM @ fd9d1056-2b0bc631ac813167.js:1
117-994554c4fb5adb3d.js:1 Error resuming video: AbortError: The play() request was interrupted by a call to pause(). https://goo.gl/LdLk22
window.console.error @ 117-994554c4fb5adb3d.js:1
(anonymous) @ page-385bd8eec22d8006.js:1
Promise.catch
onClick @ page-385bd8eec22d8006.js:1
a_ @ fd9d1056-2b0bc631ac813167.js:1
aR @ fd9d1056-2b0bc631ac813167.js:1
(anonymous) @ fd9d1056-2b0bc631ac813167.js:1
sF @ fd9d1056-2b0bc631ac813167.js:1
sM @ fd9d1056-2b0bc631ac813167.js:1
(anonymous) @ fd9d1056-2b0bc631ac813167.js:1
o4 @ fd9d1056-2b0bc631ac813167.js:1
iV @ fd9d1056-2b0bc631ac813167.js:1
sU @ fd9d1056-2b0bc631ac813167.js:1
uR @ fd9d1056-2b0bc631ac813167.js:1
uM @ fd9d1056-2b0bc631ac813167.js:1
117-994554c4fb5adb3d.js:1 Error resuming video: AbortError: The play() request was interrupted by a call to pause(). https://goo.gl/LdLk22
window.console.error @ 117-994554c4fb5adb3d.js:1
(anonymous) @ page-385bd8eec22d8006.js:1
Promise.catch
onClick @ page-385bd8eec22d8006.js:1
a_ @ fd9d1056-2b0bc631ac813167.js:1
aR @ fd9d1056-2b0bc631ac813167.js:1
(anonymous) @ fd9d1056-2b0bc631ac813167.js:1
sF @ fd9d1056-2b0bc631ac813167.js:1
sM @ fd9d1056-2b0bc631ac813167.js:1
(anonymous) @ fd9d1056-2b0bc631ac813167.js:1
o4 @ fd9d1056-2b0bc631ac813167.js:1
iV @ fd9d1056-2b0bc631ac813167.js:1
sU @ fd9d1056-2b0bc631ac813167.js:1
uR @ fd9d1056-2b0bc631ac813167.js:1
uM @ fd9d1056-2b0bc631ac813167.js:1
117-994554c4fb5adb3d.js:1 Error resuming video: AbortError: The play() request was interrupted by a call to pause(). https://goo.gl/LdLk22
window.console.error @ 117-994554c4fb5adb3d.js:1
(anonymous) @ page-385bd8eec22d8006.js:1
Promise.catch
onClick @ page-385bd8eec22d8006.js:1
a_ @ fd9d1056-2b0bc631ac813167.js:1
aR @ fd9d1056-2b0bc631ac813167.js:1
(anonymous) @ fd9d1056-2b0bc631ac813167.js:1
sF @ fd9d1056-2b0bc631ac813167.js:1
sM @ fd9d1056-2b0bc631ac813167.js:1
(anonymous) @ fd9d1056-2b0bc631ac813167.js:1
o4 @ fd9d1056-2b0bc631ac813167.js:1
iV @ fd9d1056-2b0bc631ac813167.js:1
sU @ fd9d1056-2b0bc631ac813167.js:1
uR @ fd9d1056-2b0bc631ac813167.js:1
uM @ fd9d1056-2b0bc631ac813167.js:1
a4634e51-29116eb45518a610.js:29  GET https://etslive-2-vidio-com.akamaized.net/exp=1775705601~acl=/hls-b/ingest_*_*/*~hmac=5e5ee80765b2c515afe7f30de1e682ebd2e42185166e2e3bb8fcf1f232ba7527/hls-b/ingest_20216_360p/1767176858000.ts 404 (Not Found)
openAndSendXhr @ a4634e51-29116eb45518a610.js:29
(anonymous) @ a4634e51-29116eb45518a610.js:29
Promise.then
loadInternal @ a4634e51-29116eb45518a610.js:29
load @ a4634e51-29116eb45518a610.js:29
(anonymous) @ a4634e51-29116eb45518a610.js:11
load @ a4634e51-29116eb45518a610.js:11
_doFragLoad @ a4634e51-29116eb45518a610.js:16
_loadFragForPlayback @ a4634e51-29116eb45518a610.js:16
loadFragment @ a4634e51-29116eb45518a610.js:16
loadFragment @ a4634e51-29116eb45518a610.js:29
doTickIdle @ a4634e51-29116eb45518a610.js:29
doTick @ a4634e51-29116eb45518a610.js:29
tick @ a4634e51-29116eb45518a610.js:11
page-385bd8eec22d8006.js:1 HLS Error: {type: 'networkError', details: 'fragLoadError', fatal: false, frag: q, response: {…}, …}
